---
source: crates/vite_task_plan/tests/plan_snapshots/main.rs
expression: "&plan_json"
input_file: crates/vite_task_plan/tests/plan_snapshots/fixtures/shell-fallback
---
{
  "root_node": {
    "Expanded": [
      {
        "key": [
          "<workspace>/",
          "pipe-test"
        ],
        "node": {
          "task_display": {
            "package_name": "",
            "task_name": "pipe-test",
            "package_path": "<workspace>/"
          },
          "items": [
            {
              "execution_item_display": {
                "task_display": {
                  "package_name": "",
                  "task_name": "pipe-test",
                  "package_path": "<workspace>/"
                },
                "command": "echo hello | node -e \"process.stdin.pipe(process.stdout)\"",
                "and_item_index": null,
                "cwd": "<workspace>/"
              },
              "kind": {
                "Leaf": {
                  "Spawn": {
                    "cache_metadata": {
                      "spawn_fingerprint": {
                        "cwd": "",
                        "program_fingerprint": {
                          "OutsideWorkspace": {
                            "program_name": "<os_shell_name>"
                          }
                        },
                        "args": [
                          "<os_shell_args>",
                          "echo hello | node -e \"process.stdin.pipe(process.stdout)\""
                        ],
                        "env_fingerprints": {
                          "fingerprinted_envs": {},
                          "pass_through_env_config": [
                            "<default pass-through envs>"
                          ]
                        },
                        "fingerprint_ignores": null
                      },
                      "execution_cache_key": {
                        "kind": {
                          "UserTask": {
                            "task_name": "pipe-test",
                            "and_item_index": 0,
                            "extra_args": []
                          }
                        },
                        "origin_path": ""
                      }
                    },
                    "spawn_command": {
                      "program_path": "<os_shell_path>",
                      "args": [
                        "<os_shell_args>",
                        "echo hello | node -e \"process.stdin.pipe(process.stdout)\""
                      ],
                      "all_envs": {
                        "NO_COLOR": "1",
                        "PATH": "<workspace>/node_modules/.bin:<tools>/node_modules/.bin"
                      },
                      "cwd": "<workspace>/"
                    }
                  }
                }
              }
            }
          ]
        },
        "neighbors": []
      }
    ]
  }
}
