---
source: crates/vite_task_bin/tests/e2e_snapshots/main.rs
expression: e2e_outputs
---
> vp interact
@ expect-milestone: ready
START
@ write: hello
@ write-line: hello
@ expect-milestone: after-line
START
CHAR:h
CHAR:e
CHAR:l
CHAR:l
CHAR:o
CHAR:h
CHAR:e
CHAR:l
CHAR:l
CHAR:o
LINE:hellohello
@ write-key: up
@ write-key: down
@ write: x
@ write-key: enter
@ expect-milestone: after-line
START
CHAR:h
CHAR:e
CHAR:l
CHAR:l
CHAR:o
CHAR:h
CHAR:e
CHAR:l
CHAR:l
CHAR:o
LINE:hellohello
CHAR:x
LINE:x
@ write-key: enter
@ expect-milestone: after-enter
START
CHAR:h
CHAR:e
CHAR:l
CHAR:l
CHAR:o
CHAR:h
CHAR:e
CHAR:l
CHAR:l
CHAR:o
LINE:hellohello
CHAR:x
LINE:x
KEY:ENTER
DONE
START
CHAR:h
CHAR:e
CHAR:l
CHAR:l
CHAR:o
CHAR:h
CHAR:e
CHAR:l
CHAR:l
CHAR:o
LINE:hellohello
CHAR:x
LINE:x
KEY:ENTER
DONE
> echo -n | node -e "console.log('PIPE_STDIN_IS_TTY:' + String(Boolean(process.stdin.isTTY)))"
PIPE_STDIN_IS_TTY:false
