---
source: crates/vite_task_bin/tests/e2e_snapshots/main.rs
expression: e2e_outputs
---
> vt run script1 # cache miss
$ vtt print hello
hello
> vt run script2 # cache hit, same command as script1
$ vtt print hello ◉ cache hit, replaying
hello

---
vt run: cache hit.
> vtt replace-file-content package.json '"script2": "vtt print hello"' '"script2": "vtt print world"' # change script2

> vt run script2 # cache miss
$ vtt print world ○ cache miss: args changed, executing
world
