> vt run empty-inputs
$ vtt print-file ./src/main.ts
export const main = 'initial';
> vtt replace-file-content vite-task.json 'vtt print-file ./src/main.ts' 'vtt print-file src/utils.ts'

> vt run empty-inputs
$ vtt print-file src/utils.ts ○ cache miss: args changed, executing
export const utils = 'initial';
