---
source: crates/vite_task_bin/tests/e2e_snapshots/main.rs
expression: e2e_outputs
---
> vt run say a # cache miss
$ vtt print a
a
> vt run say b # cache miss, different args
$ vtt print b
b
> vt run say a # cache hit
$ vtt print a ◉ cache hit, replaying
a

---
vt run: cache hit.
> vt run say b # cache hit
$ vtt print b ◉ cache hit, replaying
b

---
vt run: cache hit.
