---
source: crates/vite_task_bin/tests/e2e_snapshots/main.rs
expression: e2e_outputs
---
> vp run -r check-tty
~/packages/other$ check-tty
stdin:not-tty
stdout:not-tty
stderr:not-tty

$ check-tty ⊘ cache disabled: no cache config
stdin:not-tty
stdout:not-tty
stderr:not-tty


━━━━━━━━━━━━━━━━━━━━━━━━━━━━━━━━━━━━━━━━━━━━━━━
    Vite+ Task Runner • Execution Summary
━━━━━━━━━━━━━━━━━━━━━━━━━━━━━━━━━━━━━━━━━━━━━━━

Statistics:   2 tasks • 0 cache hits • 1 cache misses • 1 cache disabled
Performance:  0% cache hit rate

Task Details:
────────────────────────────────────────────────
  [1] other#check-tty: ~/packages/other$ check-tty ✓
      → Cache miss: no previous cache entry found
  ·······················································
  [2] stdio-detection-test#check-tty: $ check-tty ✓
      → Cache disabled in task configuration
━━━━━━━━━━━━━━━━━━━━━━━━━━━━━━━━━━━━━━━━━━━━━━━
