---
source: crates/vite_task_bin/tests/e2e_snapshots/main.rs
expression: e2e_outputs
---
> vp run check-tty-cached
$ check-tty
stdin:not-tty
stdout:not-tty
stderr:not-tty


━━━━━━━━━━━━━━━━━━━━━━━━━━━━━━━━━━━━━━━━━━━━━━━
    Vite+ Task Runner • Execution Summary
━━━━━━━━━━━━━━━━━━━━━━━━━━━━━━━━━━━━━━━━━━━━━━━

Statistics:   1 tasks • 0 cache hits • 1 cache misses
Performance:  0% cache hit rate

Task Details:
────────────────────────────────────────────────
  [1] stdio-detection-test#check-tty-cached: $ check-tty ✓
      → Cache miss: no previous cache entry found
━━━━━━━━━━━━━━━━━━━━━━━━━━━━━━━━━━━━━━━━━━━━━━━
