---
source: crates/vite_task_bin/tests/test_snapshots/main.rs
expression: task_graph_json
input_file: crates/vite_task_bin/tests/test_snapshots/fixtures/vite-task-smoke
---
[
  {
    "key": [
      "<workspace>/",
      "test-task"
    ],
    "node": {
      "task_display": {
        "package_name": "vite-task-smoke",
        "task_name": "test-task",
        "package_path": "<workspace>/"
      },
      "resolved_config": {
        "command": "echo hello && print-file main.js",
        "resolved_options": {
          "cwd": "<workspace>/",
          "cache_config": {
            "env_config": {
              "fingerprinted_envs": [],
              "pass_through_envs": [
                "<default pass-through envs>"
              ]
            }
          }
        }
      }
    },
    "neighbors": []
  }
]
