---
source: crates/vite_task_bin/tests/e2e_snapshots/main.rs
expression: e2e_outputs
---
[1]> vp run -r fail # multiple failures -> exit code 1
~/packages/pkg-a$ node -e "process.exit(42)"

~/packages/pkg-b$ node -e "process.exit(7)"

---
[vp run] 0/2 cache hit (0%), 2 failed. (Run `vp run --last-details` for full details)
