---
source: crates/vite_task_graph/tests/snapshots.rs
expression: task_graph_snaphost
input_file: crates/vite_task_graph/tests/fixtures/empty-package-test
---
[
  {
    "id": {
      "package_dir": "packages/another-empty",
      "task_name": "build"
    },
    "command": "echo 'Building another-empty package'",
    "cwd": "packages/another-empty",
    "depends_on": [
      [
        {
          "package_dir": "packages/another-empty",
          "task_name": "lint"
        },
        "Explicit"
      ],
      [
        {
          "package_dir": "packages/normal-package",
          "task_name": "test"
        },
        "Explicit"
      ]
    ]
  },
  {
    "id": {
      "package_dir": "packages/another-empty",
      "task_name": "deploy"
    },
    "command": "echo 'Deploying another-empty package'",
    "cwd": "packages/another-empty",
    "depends_on": [
      [
        {
          "package_dir": "packages/another-empty",
          "task_name": "build"
        },
        "Explicit"
      ],
      [
        {
          "package_dir": "packages/another-empty",
          "task_name": "test"
        },
        "Explicit"
      ]
    ]
  },
  {
    "id": {
      "package_dir": "packages/another-empty",
      "task_name": "lint"
    },
    "command": "echo 'Linting another-empty package'",
    "cwd": "packages/another-empty",
    "depends_on": []
  },
  {
    "id": {
      "package_dir": "packages/another-empty",
      "task_name": "test"
    },
    "command": "echo 'Testing another-empty package'",
    "cwd": "packages/another-empty",
    "depends_on": []
  },
  {
    "id": {
      "package_dir": "packages/empty-name",
      "task_name": "build"
    },
    "command": "echo 'Building empty-name package'",
    "cwd": "packages/empty-name",
    "depends_on": [
      [
        {
          "package_dir": "packages/empty-name",
          "task_name": "test"
        },
        "Explicit"
      ]
    ]
  },
  {
    "id": {
      "package_dir": "packages/empty-name",
      "task_name": "lint"
    },
    "command": "echo 'Linting empty-name package'",
    "cwd": "packages/empty-name",
    "depends_on": []
  },
  {
    "id": {
      "package_dir": "packages/empty-name",
      "task_name": "test"
    },
    "command": "echo 'Testing empty-name package'",
    "cwd": "packages/empty-name",
    "depends_on": []
  },
  {
    "id": {
      "package_dir": "packages/normal-package",
      "task_name": "build"
    },
    "command": "echo 'Building normal-package'",
    "cwd": "packages/normal-package",
    "depends_on": []
  },
  {
    "id": {
      "package_dir": "packages/normal-package",
      "task_name": "test"
    },
    "command": "echo 'Testing normal-package'",
    "cwd": "packages/normal-package",
    "depends_on": []
  }
]
