---
source: crates/vite_task_bin/tests/e2e_snapshots/main.rs
expression: e2e_outputs
---
> vp run script1 # cache miss
$ print-file foo.txt
initial content
> vp run script2 # cache hit, same command as script1
$ print-file foo.txt ✓ cache hit, replaying
initial content

---
[vp run] cache hit, <duration> saved.
> replace-file-content foo.txt initial modified # modify shared input

> vp run script2 # cache miss, input changed
$ print-file foo.txt ✗ cache miss: content of input 'foo.txt' changed, executing
modified content
> vp run script1 # cache hit, script2 already warmed cache
$ print-file foo.txt ✓ cache hit, replaying
modified content

---
[vp run] cache hit, <duration> saved.
