---
source: crates/vite_task_bin/tests/e2e_snapshots/main.rs
expression: e2e_outputs
---
> vp run -t build # core -> lib
~/packages/core$ echo 'Building core' ⊘ cache disabled
Building core

~/packages/lib$ echo 'Building lib' ⊘ cache disabled
Building lib

---
[vp run] 0/2 cache hit (0%). (Run `vp run --last-details` for full details)
