---
source: crates/vite_task_plan/tests/plan_snapshots/main.rs
expression: "&err_str"
info:
  args:
    - run
    - lint
input_file: crates/vite_task_plan/tests/plan_snapshots/fixtures/synthetic-in-subpackage
---
Failed to plan tasks from `vt run a#lint` in task lint: Invalid vite task command: vt with args ["lint"] under cwd "<workspace>/packages/a": cannot find binary path
