---
source: crates/vite_task_bin/tests/e2e_snapshots/main.rs
expression: e2e_outputs
---
> vt run lint # cache miss
$ vt tool print-file main.js
console.log('hello');
> echo modified > main.js # modify tracked file

> vt run lint # cache miss, file changed
$ vt tool print-file main.js ○ cache miss: 'main.js' modified, executing
modified
