---
source: crates/vite_task_bin/tests/e2e_snapshots/main.rs
assertion_line: 203
expression: e2e_outputs
input_file: crates/vite_task_bin/tests/e2e_snapshots/fixtures/e2e-lint-cache
---
> vite lint # cache miss
Found 0 warnings and 0 errors.
Finished in <duration> on 0 files with 90 rules using <n> threads.


> echo debugger > main.js # add lint error

> vite lint # cache miss, lint fails

  ! eslint(no-debugger): `debugger` statement is not allowed
   ,-[main.js:1:1]
 1 | debugger
   : ^^^^^^^^
   `----
  help: Remove the debugger statement

Found 1 warning and 0 errors.
Finished in <duration> on 1 file with 90 rules using <n> threads.
