---
source: crates/vite_task_bin/tests/e2e_snapshots/main.rs
expression: e2e_outputs
input_file: crates/vite_task_bin/tests/e2e_snapshots/fixtures/cache-non-zero-exit
---
[1]> vite run test
$ node -e "process.exit(1)"


━━━━━━━━━━━━━━━━━━━━━━━━━━━━━━━━━━━━━━━━━━━━━━━
    Vite+ Task Runner • Execution Summary
━━━━━━━━━━━━━━━━━━━━━━━━━━━━━━━━━━━━━━━━━━━━━━━

Statistics:   1 tasks • 0 cache hits • 1 cache misses • 1 failed 
Performance:  0% cache hit rate

Task Details:
────────────────────────────────────────────────
  [1] cache-non-zero-exit-test#test: $ node -e "process.exit(1)" ✗ (exit code: 1)
      → Cache miss: no previous cache entry found
      → Cache not updated: task failed
━━━━━━━━━━━━━━━━━━━━━━━━━━━━━━━━━━━━━━━━━━━━━━━

[1]> vite run test
$ node -e "process.exit(1)"


━━━━━━━━━━━━━━━━━━━━━━━━━━━━━━━━━━━━━━━━━━━━━━━
    Vite+ Task Runner • Execution Summary
━━━━━━━━━━━━━━━━━━━━━━━━━━━━━━━━━━━━━━━━━━━━━━━

Statistics:   1 tasks • 0 cache hits • 1 cache misses • 1 failed 
Performance:  0% cache hit rate

Task Details:
────────────────────────────────────────────────
  [1] cache-non-zero-exit-test#test: $ node -e "process.exit(1)" ✗ (exit code: 1)
      → Cache miss: no previous cache entry found
      → Cache not updated: task failed
━━━━━━━━━━━━━━━━━━━━━━━━━━━━━━━━━━━━━━━━━━━━━━━
