---
source: crates/vite_task_bin/tests/e2e_snapshots/main.rs
expression: e2e_outputs
---
> vp run list-tasks
@ expect-milestone: task-select::0
$ vp run ⊘ cache disabled
Search task (↑/↓ to move, enter to select):
> hello: echo hello from root
  list-tasks: vp run
  app#build: echo build app
  app#lint: echo lint app
  app#test: echo test app
  lib#build: echo build lib
@ write-key: enter
$ vp run ⊘ cache disabled
Selected task: hello
$ echo hello from root ⊘ cache disabled
hello from root
