> vt run -r -v build
~/packages/a$ vtt print built-a
built-a

~/packages/b$ vtt print built-b
built-b


━━━━━━━━━━━━━━━━━━━━━━━━━━━━━━━━━━━━━━━━━━━━━━━
    Vite+ Task Runner • Execution Summary
━━━━━━━━━━━━━━━━━━━━━━━━━━━━━━━━━━━━━━━━━━━━━━━

Statistics:   2 tasks • 0 cache hits • 2 cache misses
Performance:  0% cache hit rate

Task Details:
────────────────────────────────────────────────
  [1] @summary/a#build: ~/packages/a$ vtt print built-a ✓
      → Cache miss: no previous cache entry found
  ·······················································
  [2] @summary/b#build: ~/packages/b$ vtt print built-b ✓
      → Cache miss: no previous cache entry found
━━━━━━━━━━━━━━━━━━━━━━━━━━━━━━━━━━━━━━━━━━━━━━━
