---
source: crates/vite_task_bin/tests/e2e_snapshots/main.rs
expression: e2e_outputs
---
> vp run test-task # cache miss
$ echo hello ⊘ cache disabled
hello

$ print-file main.js
console.log('foo');

---
[vp run] 0/2 cache hit (0%). (Run `vp run --last-details` for full details)
> replace-file-content main.js foo bar # modify input file

> vp run test-task # cache miss, main.js changed
$ echo hello ⊘ cache disabled
hello

$ print-file main.js ✗ cache miss: content of input 'main.js' changed, executing
console.log('bar');

---
[vp run] 0/2 cache hit (0%). (Run `vp run --last-details` for full details)
