---
source: crates/vite_task_bin/tests/e2e_snapshots/main.rs
expression: e2e_outputs
---
[134]> vp run abort # SIGABRT -> exit code 134
$ node -e "process.kill(process.pid, 6)"


━━━━━━━━━━━━━━━━━━━━━━━━━━━━━━━━━━━━━━━━━━━━━━━
    Vite+ Task Runner • Execution Summary
━━━━━━━━━━━━━━━━━━━━━━━━━━━━━━━━━━━━━━━━━━━━━━━

Statistics:   1 tasks • 0 cache hits • 1 cache misses • 1 failed
Performance:  0% cache hit rate

Task Details:
────────────────────────────────────────────────
  [1] signal-exit-test#abort: $ node -e "process.kill(process.pid, 6)" ✗ (exit code: 134)
      → Cache miss: no previous cache entry found
━━━━━━━━━━━━━━━━━━━━━━━━━━━━━━━━━━━━━━━━━━━━━━━
