---
source: crates/vite_task_bin/tests/test_snapshots/main.rs
expression: e2e_outputs
input_file: crates/vite_task_bin/tests/test_snapshots/fixtures/vite-task-smoke
---
> vite run test-task
$ echo hello ⊘ cache disabled: built-in command
hello

$ print-file main.js
console.log('foo');


━━━━━━━━━━━━━━━━━━━━━━━━━━━━━━━━━━━━━━━━━━━━━━━
    Vite+ Task Runner • Execution Summary
━━━━━━━━━━━━━━━━━━━━━━━━━━━━━━━━━━━━━━━━━━━━━━━

Statistics:   2 tasks • 0 cache hits • 1 cache misses • 1 cache disabled 
Performance:  0% cache hit rate

Task Details:
────────────────────────────────────────────────
  [1] vite-task-smoke#test-task: $ echo hello ✓
      → Cache disabled for built-in command
  ·······················································
  [2] vite-task-smoke#test-task: $ print-file main.js ✓
      → Cache miss: no previous cache entry found
━━━━━━━━━━━━━━━━━━━━━━━━━━━━━━━━━━━━━━━━━━━━━━━
[crates/vite_task/src/session/execute/spawn.rs:194:9] (&relative_path, &access.mode) = (
    RelativePathBuf(
        "",
    ),
    AccessMode(
        READ,
    ),
)
[crates/vite_task/src/session/execute/spawn.rs:194:9] (&relative_path, &access.mode) = (
    RelativePathBuf(
        "",
    ),
    AccessMode(
        READ,
    ),
)
[crates/vite_task/src/session/execute/spawn.rs:194:9] (&relative_path, &access.mode) = (
    RelativePathBuf(
        "",
    ),
    AccessMode(
        READ,
    ),
)
[crates/vite_task/src/session/execute/spawn.rs:194:9] (&relative_path, &access.mode) = (
    RelativePathBuf(
        "",
    ),
    AccessMode(
        READ,
    ),
)
[crates/vite_task/src/session/execute/spawn.rs:194:9] (&relative_path, &access.mode) = (
    RelativePathBuf(
        "",
    ),
    AccessMode(
        READ,
    ),
)
[crates/vite_task/src/session/execute/spawn.rs:194:9] (&relative_path, &access.mode) = (
    RelativePathBuf(
        "",
    ),
    AccessMode(
        READ,
    ),
)
[crates/vite_task/src/session/execute/spawn.rs:194:9] (&relative_path, &access.mode) = (
    RelativePathBuf(
        "node_modules/.bin/sed",
    ),
    AccessMode(
        READ,
    ),
)
[crates/vite_task/src/session/execute/spawn.rs:194:9] (&relative_path, &access.mode) = (
    RelativePathBuf(
        "node_modules/.bin/dirname",
    ),
    AccessMode(
        READ,
    ),
)
[crates/vite_task/src/session/execute/spawn.rs:194:9] (&relative_path, &access.mode) = (
    RelativePathBuf(
        "node_modules/.bin/uname",
    ),
    AccessMode(
        READ,
    ),
)
[crates/vite_task/src/session/execute/spawn.rs:194:9] (&relative_path, &access.mode) = (
    RelativePathBuf(
        "node_modules/.bin/node",
    ),
    AccessMode(
        READ,
    ),
)
[crates/vite_task/src/session/execute/spawn.rs:194:9] (&relative_path, &access.mode) = (
    RelativePathBuf(
        "",
    ),
    AccessMode(
        READ,
    ),
)
[crates/vite_task/src/session/execute/spawn.rs:194:9] (&relative_path, &access.mode) = (
    RelativePathBuf(
        "",
    ),
    AccessMode(
        READ,
    ),
)
[crates/vite_task/src/session/execute/spawn.rs:194:9] (&relative_path, &access.mode) = (
    RelativePathBuf(
        "",
    ),
    AccessMode(
        READ,
    ),
)
[crates/vite_task/src/session/execute/spawn.rs:194:9] (&relative_path, &access.mode) = (
    RelativePathBuf(
        "",
    ),
    AccessMode(
        READ,
    ),
)
[crates/vite_task/src/session/execute/spawn.rs:194:9] (&relative_path, &access.mode) = (
    RelativePathBuf(
        "main.js",
    ),
    AccessMode(
        READ,
    ),
)
[crates/vite_task/src/session/execute/spawn.rs:194:9] (&relative_path, &access.mode) = (
    RelativePathBuf(
        "main.js",
    ),
    AccessMode(
        READ,
    ),
)

> replace-file-content main.js foo bar

> vite run test-task
$ echo hello ⊘ cache disabled: built-in command
hello

$ print-file main.js ✗ cache miss: content of input 'main.js' changed, executing
console.log('bar');


━━━━━━━━━━━━━━━━━━━━━━━━━━━━━━━━━━━━━━━━━━━━━━━
    Vite+ Task Runner • Execution Summary
━━━━━━━━━━━━━━━━━━━━━━━━━━━━━━━━━━━━━━━━━━━━━━━

Statistics:   2 tasks • 0 cache hits • 1 cache misses • 1 cache disabled 
Performance:  0% cache hit rate

Task Details:
────────────────────────────────────────────────
  [1] vite-task-smoke#test-task: $ echo hello ✓
      → Cache disabled for built-in command
  ·······················································
  [2] vite-task-smoke#test-task: $ print-file main.js ✓
      → Cache miss: content of input 'main.js' changed
━━━━━━━━━━━━━━━━━━━━━━━━━━━━━━━━━━━━━━━━━━━━━━━
[crates/vite_task/src/session/execute/spawn.rs:194:9] (&relative_path, &access.mode) = (
    RelativePathBuf(
        "",
    ),
    AccessMode(
        READ,
    ),
)
[crates/vite_task/src/session/execute/spawn.rs:194:9] (&relative_path, &access.mode) = (
    RelativePathBuf(
        "",
    ),
    AccessMode(
        READ,
    ),
)
[crates/vite_task/src/session/execute/spawn.rs:194:9] (&relative_path, &access.mode) = (
    RelativePathBuf(
        "",
    ),
    AccessMode(
        READ,
    ),
)
[crates/vite_task/src/session/execute/spawn.rs:194:9] (&relative_path, &access.mode) = (
    RelativePathBuf(
        "",
    ),
    AccessMode(
        READ,
    ),
)
[crates/vite_task/src/session/execute/spawn.rs:194:9] (&relative_path, &access.mode) = (
    RelativePathBuf(
        "",
    ),
    AccessMode(
        READ,
    ),
)
[crates/vite_task/src/session/execute/spawn.rs:194:9] (&relative_path, &access.mode) = (
    RelativePathBuf(
        "",
    ),
    AccessMode(
        READ,
    ),
)
[crates/vite_task/src/session/execute/spawn.rs:194:9] (&relative_path, &access.mode) = (
    RelativePathBuf(
        "node_modules/.bin/sed",
    ),
    AccessMode(
        READ,
    ),
)
[crates/vite_task/src/session/execute/spawn.rs:194:9] (&relative_path, &access.mode) = (
    RelativePathBuf(
        "node_modules/.bin/dirname",
    ),
    AccessMode(
        READ,
    ),
)
[crates/vite_task/src/session/execute/spawn.rs:194:9] (&relative_path, &access.mode) = (
    RelativePathBuf(
        "node_modules/.bin/uname",
    ),
    AccessMode(
        READ,
    ),
)
[crates/vite_task/src/session/execute/spawn.rs:194:9] (&relative_path, &access.mode) = (
    RelativePathBuf(
        "node_modules/.bin/node",
    ),
    AccessMode(
        READ,
    ),
)
[crates/vite_task/src/session/execute/spawn.rs:194:9] (&relative_path, &access.mode) = (
    RelativePathBuf(
        "",
    ),
    AccessMode(
        READ,
    ),
)
[crates/vite_task/src/session/execute/spawn.rs:194:9] (&relative_path, &access.mode) = (
    RelativePathBuf(
        "",
    ),
    AccessMode(
        READ,
    ),
)
[crates/vite_task/src/session/execute/spawn.rs:194:9] (&relative_path, &access.mode) = (
    RelativePathBuf(
        "",
    ),
    AccessMode(
        READ,
    ),
)
[crates/vite_task/src/session/execute/spawn.rs:194:9] (&relative_path, &access.mode) = (
    RelativePathBuf(
        "",
    ),
    AccessMode(
        READ,
    ),
)
[crates/vite_task/src/session/execute/spawn.rs:194:9] (&relative_path, &access.mode) = (
    RelativePathBuf(
        "main.js",
    ),
    AccessMode(
        READ,
    ),
)
[crates/vite_task/src/session/execute/spawn.rs:194:9] (&relative_path, &access.mode) = (
    RelativePathBuf(
        "main.js",
    ),
    AccessMode(
        READ,
    ),
)
