---
source: crates/vite_task_bin/tests/test_snapshots/main.rs
expression: e2e_outputs
input_file: crates/vite_task_bin/tests/test_snapshots/fixtures/cache-keys
---
> vite lint
Found 0 warnings and 0 errors.
Finished in <duration> on 0 files with 90 rules using <n> threads.

[crates/vite_task/src/session/execute/spawn.rs:194:9] (&relative_path, &access.mode) = (
    RelativePathBuf(
        "",
    ),
    AccessMode(
        READ,
    ),
)
[crates/vite_task/src/session/execute/spawn.rs:194:9] (&relative_path, &access.mode) = (
    RelativePathBuf(
        "",
    ),
    AccessMode(
        READ,
    ),
)
[crates/vite_task/src/session/execute/spawn.rs:194:9] (&relative_path, &access.mode) = (
    RelativePathBuf(
        "",
    ),
    AccessMode(
        READ,
    ),
)
[crates/vite_task/src/session/execute/spawn.rs:194:9] (&relative_path, &access.mode) = (
    RelativePathBuf(
        "",
    ),
    AccessMode(
        READ,
    ),
)
[crates/vite_task/src/session/execute/spawn.rs:194:9] (&relative_path, &access.mode) = (
    RelativePathBuf(
        "",
    ),
    AccessMode(
        READ,
    ),
)
[crates/vite_task/src/session/execute/spawn.rs:194:9] (&relative_path, &access.mode) = (
    RelativePathBuf(
        "",
    ),
    AccessMode(
        READ,
    ),
)
[crates/vite_task/src/session/execute/spawn.rs:194:9] (&relative_path, &access.mode) = (
    RelativePathBuf(
        "node_modules/.bin/sed",
    ),
    AccessMode(
        READ,
    ),
)
[crates/vite_task/src/session/execute/spawn.rs:194:9] (&relative_path, &access.mode) = (
    RelativePathBuf(
        "node_modules/.bin/dirname",
    ),
    AccessMode(
        READ,
    ),
)
[crates/vite_task/src/session/execute/spawn.rs:194:9] (&relative_path, &access.mode) = (
    RelativePathBuf(
        "node_modules/.bin/uname",
    ),
    AccessMode(
        READ,
    ),
)
[crates/vite_task/src/session/execute/spawn.rs:194:9] (&relative_path, &access.mode) = (
    RelativePathBuf(
        "node_modules/.bin/node",
    ),
    AccessMode(
        READ,
    ),
)
[crates/vite_task/src/session/execute/spawn.rs:194:9] (&relative_path, &access.mode) = (
    RelativePathBuf(
        "",
    ),
    AccessMode(
        READ,
    ),
)
[crates/vite_task/src/session/execute/spawn.rs:194:9] (&relative_path, &access.mode) = (
    RelativePathBuf(
        "",
    ),
    AccessMode(
        READ,
    ),
)
[crates/vite_task/src/session/execute/spawn.rs:194:9] (&relative_path, &access.mode) = (
    RelativePathBuf(
        "",
    ),
    AccessMode(
        READ,
    ),
)
[crates/vite_task/src/session/execute/spawn.rs:194:9] (&relative_path, &access.mode) = (
    RelativePathBuf(
        "",
    ),
    AccessMode(
        READ,
    ),
)
[crates/vite_task/src/session/execute/spawn.rs:194:9] (&relative_path, &access.mode) = (
    RelativePathBuf(
        ".oxlintrc.json",
    ),
    AccessMode(
        READ,
    ),
)
[crates/vite_task/src/session/execute/spawn.rs:194:9] (&relative_path, &access.mode) = (
    RelativePathBuf(
        "",
    ),
    AccessMode(
        READ,
    ),
)
[crates/vite_task/src/session/execute/spawn.rs:194:9] (&relative_path, &access.mode) = (
    RelativePathBuf(
        "",
    ),
    AccessMode(
        READ,
    ),
)
[crates/vite_task/src/session/execute/spawn.rs:194:9] (&relative_path, &access.mode) = (
    RelativePathBuf(
        "",
    ),
    AccessMode(
        READ,
    ),
)
[crates/vite_task/src/session/execute/spawn.rs:194:9] (&relative_path, &access.mode) = (
    RelativePathBuf(
        "",
    ),
    AccessMode(
        READ_DIR,
    ),
)
[crates/vite_task/src/session/execute/spawn.rs:194:9] (&relative_path, &access.mode) = (
    RelativePathBuf(
        ".eslintignore",
    ),
    AccessMode(
        READ,
    ),
)
[crates/vite_task/src/session/execute/spawn.rs:194:9] (&relative_path, &access.mode) = (
    RelativePathBuf(
        ".gitignore",
    ),
    AccessMode(
        READ,
    ),
)
[crates/vite_task/src/session/execute/spawn.rs:194:9] (&relative_path, &access.mode) = (
    RelativePathBuf(
        ".git/info/exclude",
    ),
    AccessMode(
        READ,
    ),
)
[crates/vite_task/src/session/execute/spawn.rs:194:9] (&relative_path, &access.mode) = (
    RelativePathBuf(
        "node_modules",
    ),
    AccessMode(
        READ_DIR,
    ),
)
[crates/vite_task/src/session/execute/spawn.rs:194:9] (&relative_path, &access.mode) = (
    RelativePathBuf(
        "node_modules/.eslintignore",
    ),
    AccessMode(
        READ,
    ),
)
[crates/vite_task/src/session/execute/spawn.rs:194:9] (&relative_path, &access.mode) = (
    RelativePathBuf(
        "node_modules/.gitignore",
    ),
    AccessMode(
        READ,
    ),
)
[crates/vite_task/src/session/execute/spawn.rs:194:9] (&relative_path, &access.mode) = (
    RelativePathBuf(
        "node_modules/.git/info/exclude",
    ),
    AccessMode(
        READ,
    ),
)
[crates/vite_task/src/session/execute/spawn.rs:194:9] (&relative_path, &access.mode) = (
    RelativePathBuf(
        "node_modules/.vite",
    ),
    AccessMode(
        READ_DIR,
    ),
)
[crates/vite_task/src/session/execute/spawn.rs:194:9] (&relative_path, &access.mode) = (
    RelativePathBuf(
        "node_modules/.vite/.eslintignore",
    ),
    AccessMode(
        READ,
    ),
)
[crates/vite_task/src/session/execute/spawn.rs:194:9] (&relative_path, &access.mode) = (
    RelativePathBuf(
        "node_modules/.vite/.gitignore",
    ),
    AccessMode(
        READ,
    ),
)
[crates/vite_task/src/session/execute/spawn.rs:194:9] (&relative_path, &access.mode) = (
    RelativePathBuf(
        "node_modules/.vite/.git/info/exclude",
    ),
    AccessMode(
        READ,
    ),
)
[crates/vite_task/src/session/execute/spawn.rs:194:9] (&relative_path, &access.mode) = (
    RelativePathBuf(
        "node_modules/.vite/task-cache",
    ),
    AccessMode(
        READ_DIR,
    ),
)
[crates/vite_task/src/session/execute/spawn.rs:194:9] (&relative_path, &access.mode) = (
    RelativePathBuf(
        "node_modules/.vite/task-cache/.eslintignore",
    ),
    AccessMode(
        READ,
    ),
)
[crates/vite_task/src/session/execute/spawn.rs:194:9] (&relative_path, &access.mode) = (
    RelativePathBuf(
        "node_modules/.vite/task-cache/.gitignore",
    ),
    AccessMode(
        READ,
    ),
)
[crates/vite_task/src/session/execute/spawn.rs:194:9] (&relative_path, &access.mode) = (
    RelativePathBuf(
        "node_modules/.vite/task-cache/.git/info/exclude",
    ),
    AccessMode(
        READ,
    ),
)

> echo debugger > main.js

> print-file main.js
debugger

> vite lint
✗ cache miss: content of input '' changed, executing

  ! eslint(no-debugger): `debugger` statement is not allowed
   ,-[main.js:1:1]
 1 | debugger
   : ^^^^^^^^
   `----
  help: Remove the debugger statement

Found 1 warning and 0 errors.
Finished in <duration> on 1 file with 90 rules using <n> threads.

[crates/vite_task/src/session/execute/spawn.rs:194:9] (&relative_path, &access.mode) = (
    RelativePathBuf(
        "",
    ),
    AccessMode(
        READ,
    ),
)
[crates/vite_task/src/session/execute/spawn.rs:194:9] (&relative_path, &access.mode) = (
    RelativePathBuf(
        "",
    ),
    AccessMode(
        READ,
    ),
)
[crates/vite_task/src/session/execute/spawn.rs:194:9] (&relative_path, &access.mode) = (
    RelativePathBuf(
        "",
    ),
    AccessMode(
        READ,
    ),
)
[crates/vite_task/src/session/execute/spawn.rs:194:9] (&relative_path, &access.mode) = (
    RelativePathBuf(
        "",
    ),
    AccessMode(
        READ,
    ),
)
[crates/vite_task/src/session/execute/spawn.rs:194:9] (&relative_path, &access.mode) = (
    RelativePathBuf(
        "",
    ),
    AccessMode(
        READ,
    ),
)
[crates/vite_task/src/session/execute/spawn.rs:194:9] (&relative_path, &access.mode) = (
    RelativePathBuf(
        "",
    ),
    AccessMode(
        READ,
    ),
)
[crates/vite_task/src/session/execute/spawn.rs:194:9] (&relative_path, &access.mode) = (
    RelativePathBuf(
        "node_modules/.bin/sed",
    ),
    AccessMode(
        READ,
    ),
)
[crates/vite_task/src/session/execute/spawn.rs:194:9] (&relative_path, &access.mode) = (
    RelativePathBuf(
        "node_modules/.bin/dirname",
    ),
    AccessMode(
        READ,
    ),
)
[crates/vite_task/src/session/execute/spawn.rs:194:9] (&relative_path, &access.mode) = (
    RelativePathBuf(
        "node_modules/.bin/uname",
    ),
    AccessMode(
        READ,
    ),
)
[crates/vite_task/src/session/execute/spawn.rs:194:9] (&relative_path, &access.mode) = (
    RelativePathBuf(
        "node_modules/.bin/node",
    ),
    AccessMode(
        READ,
    ),
)
[crates/vite_task/src/session/execute/spawn.rs:194:9] (&relative_path, &access.mode) = (
    RelativePathBuf(
        "",
    ),
    AccessMode(
        READ,
    ),
)
[crates/vite_task/src/session/execute/spawn.rs:194:9] (&relative_path, &access.mode) = (
    RelativePathBuf(
        "",
    ),
    AccessMode(
        READ,
    ),
)
[crates/vite_task/src/session/execute/spawn.rs:194:9] (&relative_path, &access.mode) = (
    RelativePathBuf(
        "",
    ),
    AccessMode(
        READ,
    ),
)
[crates/vite_task/src/session/execute/spawn.rs:194:9] (&relative_path, &access.mode) = (
    RelativePathBuf(
        "",
    ),
    AccessMode(
        READ,
    ),
)
[crates/vite_task/src/session/execute/spawn.rs:194:9] (&relative_path, &access.mode) = (
    RelativePathBuf(
        ".oxlintrc.json",
    ),
    AccessMode(
        READ,
    ),
)
[crates/vite_task/src/session/execute/spawn.rs:194:9] (&relative_path, &access.mode) = (
    RelativePathBuf(
        "",
    ),
    AccessMode(
        READ,
    ),
)
[crates/vite_task/src/session/execute/spawn.rs:194:9] (&relative_path, &access.mode) = (
    RelativePathBuf(
        "",
    ),
    AccessMode(
        READ,
    ),
)
[crates/vite_task/src/session/execute/spawn.rs:194:9] (&relative_path, &access.mode) = (
    RelativePathBuf(
        "",
    ),
    AccessMode(
        READ,
    ),
)
[crates/vite_task/src/session/execute/spawn.rs:194:9] (&relative_path, &access.mode) = (
    RelativePathBuf(
        "",
    ),
    AccessMode(
        READ_DIR,
    ),
)
[crates/vite_task/src/session/execute/spawn.rs:194:9] (&relative_path, &access.mode) = (
    RelativePathBuf(
        ".eslintignore",
    ),
    AccessMode(
        READ,
    ),
)
[crates/vite_task/src/session/execute/spawn.rs:194:9] (&relative_path, &access.mode) = (
    RelativePathBuf(
        ".gitignore",
    ),
    AccessMode(
        READ,
    ),
)
[crates/vite_task/src/session/execute/spawn.rs:194:9] (&relative_path, &access.mode) = (
    RelativePathBuf(
        ".git/info/exclude",
    ),
    AccessMode(
        READ,
    ),
)
[crates/vite_task/src/session/execute/spawn.rs:194:9] (&relative_path, &access.mode) = (
    RelativePathBuf(
        "node_modules",
    ),
    AccessMode(
        READ_DIR,
    ),
)
[crates/vite_task/src/session/execute/spawn.rs:194:9] (&relative_path, &access.mode) = (
    RelativePathBuf(
        "node_modules/.eslintignore",
    ),
    AccessMode(
        READ,
    ),
)
[crates/vite_task/src/session/execute/spawn.rs:194:9] (&relative_path, &access.mode) = (
    RelativePathBuf(
        "node_modules/.gitignore",
    ),
    AccessMode(
        READ,
    ),
)
[crates/vite_task/src/session/execute/spawn.rs:194:9] (&relative_path, &access.mode) = (
    RelativePathBuf(
        "node_modules/.git/info/exclude",
    ),
    AccessMode(
        READ,
    ),
)
[crates/vite_task/src/session/execute/spawn.rs:194:9] (&relative_path, &access.mode) = (
    RelativePathBuf(
        "node_modules/.vite",
    ),
    AccessMode(
        READ_DIR,
    ),
)
[crates/vite_task/src/session/execute/spawn.rs:194:9] (&relative_path, &access.mode) = (
    RelativePathBuf(
        "node_modules/.vite/.eslintignore",
    ),
    AccessMode(
        READ,
    ),
)
[crates/vite_task/src/session/execute/spawn.rs:194:9] (&relative_path, &access.mode) = (
    RelativePathBuf(
        "node_modules/.vite/.gitignore",
    ),
    AccessMode(
        READ,
    ),
)
[crates/vite_task/src/session/execute/spawn.rs:194:9] (&relative_path, &access.mode) = (
    RelativePathBuf(
        "node_modules/.vite/.git/info/exclude",
    ),
    AccessMode(
        READ,
    ),
)
[crates/vite_task/src/session/execute/spawn.rs:194:9] (&relative_path, &access.mode) = (
    RelativePathBuf(
        "node_modules/.vite/task-cache",
    ),
    AccessMode(
        READ_DIR,
    ),
)
[crates/vite_task/src/session/execute/spawn.rs:194:9] (&relative_path, &access.mode) = (
    RelativePathBuf(
        "node_modules/.vite/task-cache/.eslintignore",
    ),
    AccessMode(
        READ,
    ),
)
[crates/vite_task/src/session/execute/spawn.rs:194:9] (&relative_path, &access.mode) = (
    RelativePathBuf(
        "node_modules/.vite/task-cache/.gitignore",
    ),
    AccessMode(
        READ,
    ),
)
[crates/vite_task/src/session/execute/spawn.rs:194:9] (&relative_path, &access.mode) = (
    RelativePathBuf(
        "node_modules/.vite/task-cache/.git/info/exclude",
    ),
    AccessMode(
        READ,
    ),
)
[crates/vite_task/src/session/execute/spawn.rs:194:9] (&relative_path, &access.mode) = (
    RelativePathBuf(
        ".oxlintrc.json",
    ),
    AccessMode(
        READ,
    ),
)
[crates/vite_task/src/session/execute/spawn.rs:194:9] (&relative_path, &access.mode) = (
    RelativePathBuf(
        "main.js",
    ),
    AccessMode(
        READ,
    ),
)
[crates/vite_task/src/session/execute/spawn.rs:194:9] (&relative_path, &access.mode) = (
    RelativePathBuf(
        "main.js",
    ),
    AccessMode(
        READ,
    ),
)
