> vt run test # cache miss
$ vtt print-file test.txt
initial content
> vtt replace-file-content test.txt initial modified # modify input

> vt run test # cache miss: input modified
$ vtt print-file test.txt ○ cache miss: 'test.txt' modified, executing
modified content
> vtt rm test.txt # remove tracked input

> vt run test # cache miss: input removed
$ vtt print-file test.txt ○ cache miss: 'test.txt' removed from workspace root, executing
test.txt: not found
> vtt write-file test.txt 'new content' # recreate previously removed file

> vt run test # cache miss: input added
$ vtt print-file test.txt ○ cache miss: 'test.txt' added in workspace root, executing
new content
