---
source: crates/vite_task_plan/tests/plan_snapshots/main.rs
expression: "&plan_json"
input_file: crates/vite_task_plan/tests/plan_snapshots/fixtures/cache-keys
---
{
  "root_node": {
    "Expanded": [
      {
        "key": [
          "<workspace>/",
          "hello"
        ],
        "node": {
          "task_display": {
            "package_name": "",
            "task_name": "hello",
            "package_path": "<workspace>/"
          },
          "items": [
            {
              "execution_item_display": {
                "task_display": {
                  "package_name": "",
                  "task_name": "hello",
                  "package_path": "<workspace>/"
                },
                "command": "print-file a.txt",
                "and_item_index": null,
                "cwd": "<workspace>/"
              },
              "kind": {
                "Leaf": {
                  "Spawn": {
                    "cache_metadata": {
                      "spawn_fingerprint": {
                        "cwd": "",
                        "program_fingerprint": {
                          "OutsideWorkspace": {
                            "program_name": "print-file"
                          }
                        },
                        "args": [
                          "a.txt"
                        ],
                        "env_fingerprints": {
                          "fingerprinted_envs": {},
                          "pass_through_env_config": [
                            "<default pass-through envs>"
                          ]
                        },
                        "fingerprint_ignores": null
                      },
                      "execution_cache_key": {
                        "UserTask": {
                          "task_name": "hello",
                          "and_item_index": 0,
                          "extra_args": [
                            "a.txt"
                          ],
                          "package_path": ""
                        }
                      }
                    },
                    "spawn_command": {
                      "program_path": "<tools>/node_modules/.bin/print-file",
                      "args": [
                        "a.txt"
                      ],
                      "all_envs": {
                        "NO_COLOR": "1",
                        "PATH": "<workspace>/node_modules/.bin:<tools>/node_modules/.bin"
                      },
                      "cwd": "<workspace>/"
                    }
                  }
                }
              }
            }
          ]
        },
        "neighbors": []
      }
    ]
  }
}
