---
source: crates/vite_task_bin/tests/e2e_snapshots/main.rs
expression: e2e_outputs
input_file: crates/vite_task_bin/tests/e2e_snapshots/fixtures/cache-miss-command-change
---
> vp run task # cache miss
$ print foo
foo

$ print bar
bar


━━━━━━━━━━━━━━━━━━━━━━━━━━━━━━━━━━━━━━━━━━━━━━━
    Vite+ Task Runner • Execution Summary
━━━━━━━━━━━━━━━━━━━━━━━━━━━━━━━━━━━━━━━━━━━━━━━

Statistics:   2 tasks • 0 cache hits • 2 cache misses 
Performance:  0% cache hit rate

Task Details:
────────────────────────────────────────────────
  [1] task: $ print foo ✓
      → Cache miss: no previous cache entry found
  ·······················································
  [2] task: $ print bar ✓
      → Cache miss: no previous cache entry found
━━━━━━━━━━━━━━━━━━━━━━━━━━━━━━━━━━━━━━━━━━━━━━━
> json-edit package.json '_.scripts.task = "print baz && print bar"' # change first subtask

> vp run task # first: cache miss, second: cache hit
$ print baz ✗ cache miss: args changed, executing
baz

$ print bar ✓ cache hit, replaying
bar


━━━━━━━━━━━━━━━━━━━━━━━━━━━━━━━━━━━━━━━━━━━━━━━
    Vite+ Task Runner • Execution Summary
━━━━━━━━━━━━━━━━━━━━━━━━━━━━━━━━━━━━━━━━━━━━━━━

Statistics:   2 tasks • 1 cache hits • 1 cache misses 
Performance:  50% cache hit rate, <duration> saved in total

Task Details:
────────────────────────────────────────────────
  [1] task: $ print baz ✓
      → Cache miss: args changed
  ·······················································
  [2] task: $ print bar ✓
      → Cache hit - output replayed - <duration> saved
━━━━━━━━━━━━━━━━━━━━━━━━━━━━━━━━━━━━━━━━━━━━━━━
> json-edit package.json '_.scripts.task = "print bar"' # remove first subtask

> vp run task # cache hit
$ print bar ✓ cache hit, replaying
bar


━━━━━━━━━━━━━━━━━━━━━━━━━━━━━━━━━━━━━━━━━━━━━━━
    Vite+ Task Runner • Execution Summary
━━━━━━━━━━━━━━━━━━━━━━━━━━━━━━━━━━━━━━━━━━━━━━━

Statistics:   1 tasks • 1 cache hits • 0 cache misses 
Performance:  100% cache hit rate, <duration> saved in total

Task Details:
────────────────────────────────────────────────
  [1] task: $ print bar ✓
      → Cache hit - output replayed - <duration> saved
━━━━━━━━━━━━━━━━━━━━━━━━━━━━━━━━━━━━━━━━━━━━━━━
