---
source: crates/vite_task_bin/tests/e2e_snapshots/main.rs
expression: e2e_outputs
---
> json-edit vite-task.json "_.tasks.test.passThroughEnvs = ['MY_PASSTHROUGH']" # setup

> vp run test # cache miss
$ print-file test.txt
initial content
> json-edit vite-task.json "delete _.tasks.test.passThroughEnvs" # remove pass-through env

> vp run test # cache miss: pass-through env removed
$ print-file test.txt ✗ cache miss: pass-through env config changed, executing
initial content
