---
source: crates/vite_task_bin/tests/e2e_snapshots/main.rs
expression: e2e_outputs
---
> vtt json-edit vite-task.json "_.tasks.test.untrackedEnv = ['MY_UNTRACKED']" # setup

> vt run test # cache miss
$ vtt print-file test.txt
initial content
> vtt json-edit vite-task.json "delete _.tasks.test.untrackedEnv" # remove untracked env

> vt run test # cache miss: untracked env removed
$ vtt print-file test.txt ○ cache miss: untracked env config changed, executing
initial content
