---
source: crates/vite_task_bin/tests/snapshots.rs
expression: err
input_file: crates/vite_task_bin/tests/fixtures/transitive-dependency-workspace
---
Error {
    task_call_stack: TaskCallStackDisplay {
        frames: [],
    },
    kind: TaskQueryError(
        SpecifierLookupError {
            specifier: TaskSpecifier {
                package_name: Some(
                    "@test/a",
                ),
                task_name: "build",
            },
            lookup_error: AmbiguousPackageName {
                package_name: "@test/a",
                package_paths: [
                    AbsolutePath(
                        "<redacted>/packages/a",
                    ),
                    AbsolutePath(
                        "<redacted>/packages/another-a",
                    ),
                ],
            },
        },
    ),
}
