---
source: crates/vite_task_bin/tests/snapshots.rs
expression: execution_graph_snapshot
input_file: crates/vite_task_bin/tests/fixtures/transitive-dependency-workspace
---
[
  {
    "task": {
      "package_dir": "<redacted>/packages/a",
      "task_name": "build"
    },
    "deps": [
      {
        "package_dir": "<redacted>/packages/a",
        "task_name": "test"
      }
    ]
  },
  {
    "task": {
      "package_dir": "<redacted>/packages/a",
      "task_name": "test"
    },
    "deps": []
  }
]
