---
source: crates/vite_task_bin/tests/snapshots.rs
expression: task_graph_snapshot
input_file: crates/vite_task_bin/tests/fixtures/comprehensive-task-graph
---
[
  {
    "id": {
      "package_dir": "<redacted>/packages/api",
      "task_name": "build"
    },
    "command": "echo Generate schemas && echo Compile TypeScript && echo Bundle API && echo Copy assets",
    "cwd": "<redacted>/packages/api",
    "depends_on": [
      [
        {
          "package_dir": "<redacted>/packages/config",
          "task_name": "build"
        },
        "Topological"
      ],
      [
        {
          "package_dir": "<redacted>/packages/shared",
          "task_name": "build"
        },
        "Topological"
      ]
    ]
  },
  {
    "id": {
      "package_dir": "<redacted>/packages/api",
      "task_name": "dev"
    },
    "command": "echo Watch mode && echo Start dev server",
    "cwd": "<redacted>/packages/api",
    "depends_on": []
  },
  {
    "id": {
      "package_dir": "<redacted>/packages/api",
      "task_name": "start"
    },
    "command": "echo Starting API server",
    "cwd": "<redacted>/packages/api",
    "depends_on": []
  },
  {
    "id": {
      "package_dir": "<redacted>/packages/api",
      "task_name": "test"
    },
    "command": "echo Testing API",
    "cwd": "<redacted>/packages/api",
    "depends_on": [
      [
        {
          "package_dir": "<redacted>/packages/shared",
          "task_name": "test"
        },
        "Topological"
      ]
    ]
  },
  {
    "id": {
      "package_dir": "<redacted>/packages/app",
      "task_name": "build"
    },
    "command": "echo Clean dist && echo Build client && echo Build server && echo Generate manifest && echo Optimize assets",
    "cwd": "<redacted>/packages/app",
    "depends_on": [
      [
        {
          "package_dir": "<redacted>/packages/api",
          "task_name": "build"
        },
        "Topological"
      ],
      [
        {
          "package_dir": "<redacted>/packages/pkg#special",
          "task_name": "build"
        },
        "Topological"
      ],
      [
        {
          "package_dir": "<redacted>/packages/shared",
          "task_name": "build"
        },
        "Topological"
      ],
      [
        {
          "package_dir": "<redacted>/packages/ui",
          "task_name": "build"
        },
        "Topological"
      ]
    ]
  },
  {
    "id": {
      "package_dir": "<redacted>/packages/app",
      "task_name": "deploy"
    },
    "command": "echo Validate && echo Upload && echo Verify",
    "cwd": "<redacted>/packages/app",
    "depends_on": []
  },
  {
    "id": {
      "package_dir": "<redacted>/packages/app",
      "task_name": "dev"
    },
    "command": "echo Running dev server",
    "cwd": "<redacted>/packages/app",
    "depends_on": [
      [
        {
          "package_dir": "<redacted>/packages/api",
          "task_name": "dev"
        },
        "Topological"
      ]
    ]
  },
  {
    "id": {
      "package_dir": "<redacted>/packages/app",
      "task_name": "preview"
    },
    "command": "echo Preview build",
    "cwd": "<redacted>/packages/app",
    "depends_on": []
  },
  {
    "id": {
      "package_dir": "<redacted>/packages/app",
      "task_name": "test"
    },
    "command": "echo Unit tests && echo Integration tests",
    "cwd": "<redacted>/packages/app",
    "depends_on": [
      [
        {
          "package_dir": "<redacted>/packages/api",
          "task_name": "test"
        },
        "Topological"
      ],
      [
        {
          "package_dir": "<redacted>/packages/pkg#special",
          "task_name": "test"
        },
        "Topological"
      ],
      [
        {
          "package_dir": "<redacted>/packages/shared",
          "task_name": "test"
        },
        "Topological"
      ],
      [
        {
          "package_dir": "<redacted>/packages/ui",
          "task_name": "test"
        },
        "Topological"
      ]
    ]
  },
  {
    "id": {
      "package_dir": "<redacted>/packages/config",
      "task_name": "build"
    },
    "command": "echo Building config",
    "cwd": "<redacted>/packages/config",
    "depends_on": []
  },
  {
    "id": {
      "package_dir": "<redacted>/packages/config",
      "task_name": "validate"
    },
    "command": "echo Validating config",
    "cwd": "<redacted>/packages/config",
    "depends_on": []
  },
  {
    "id": {
      "package_dir": "<redacted>/packages/pkg#special",
      "task_name": "build"
    },
    "command": "echo Building package with hash",
    "cwd": "<redacted>/packages/pkg#special",
    "depends_on": [
      [
        {
          "package_dir": "<redacted>/packages/shared",
          "task_name": "build"
        },
        "Topological"
      ]
    ]
  },
  {
    "id": {
      "package_dir": "<redacted>/packages/pkg#special",
      "task_name": "test"
    },
    "command": "echo Testing package with hash",
    "cwd": "<redacted>/packages/pkg#special",
    "depends_on": [
      [
        {
          "package_dir": "<redacted>/packages/shared",
          "task_name": "test"
        },
        "Topological"
      ]
    ]
  },
  {
    "id": {
      "package_dir": "<redacted>/packages/shared",
      "task_name": "build"
    },
    "command": "echo Cleaning && echo Compiling shared && echo Generating types",
    "cwd": "<redacted>/packages/shared",
    "depends_on": []
  },
  {
    "id": {
      "package_dir": "<redacted>/packages/shared",
      "task_name": "lint"
    },
    "command": "echo Linting shared",
    "cwd": "<redacted>/packages/shared",
    "depends_on": []
  },
  {
    "id": {
      "package_dir": "<redacted>/packages/shared",
      "task_name": "test"
    },
    "command": "echo Setting up test env && echo Running tests && echo Cleanup",
    "cwd": "<redacted>/packages/shared",
    "depends_on": []
  },
  {
    "id": {
      "package_dir": "<redacted>/packages/shared",
      "task_name": "typecheck"
    },
    "command": "echo Type checking shared",
    "cwd": "<redacted>/packages/shared",
    "depends_on": []
  },
  {
    "id": {
      "package_dir": "<redacted>/packages/tools",
      "task_name": "generate"
    },
    "command": "echo Generating tools",
    "cwd": "<redacted>/packages/tools",
    "depends_on": []
  },
  {
    "id": {
      "package_dir": "<redacted>/packages/tools",
      "task_name": "validate"
    },
    "command": "echo Validating",
    "cwd": "<redacted>/packages/tools",
    "depends_on": [
      [
        {
          "package_dir": "<redacted>/packages/config",
          "task_name": "validate"
        },
        "Topological"
      ]
    ]
  },
  {
    "id": {
      "package_dir": "<redacted>/packages/ui",
      "task_name": "build"
    },
    "command": "echo Compile styles && echo Build components && echo Generate types",
    "cwd": "<redacted>/packages/ui",
    "depends_on": [
      [
        {
          "package_dir": "<redacted>/packages/shared",
          "task_name": "build"
        },
        "Topological"
      ]
    ]
  },
  {
    "id": {
      "package_dir": "<redacted>/packages/ui",
      "task_name": "lint"
    },
    "command": "echo Linting UI",
    "cwd": "<redacted>/packages/ui",
    "depends_on": [
      [
        {
          "package_dir": "<redacted>/packages/shared",
          "task_name": "lint"
        },
        "Topological"
      ]
    ]
  },
  {
    "id": {
      "package_dir": "<redacted>/packages/ui",
      "task_name": "storybook"
    },
    "command": "echo Running storybook",
    "cwd": "<redacted>/packages/ui",
    "depends_on": []
  },
  {
    "id": {
      "package_dir": "<redacted>/packages/ui",
      "task_name": "test"
    },
    "command": "echo Testing UI",
    "cwd": "<redacted>/packages/ui",
    "depends_on": [
      [
        {
          "package_dir": "<redacted>/packages/shared",
          "task_name": "test"
        },
        "Topological"
      ]
    ]
  }
]
