---
source: crates/vite_task_bin/tests/snapshots.rs
expression: task_graph_snapshot
input_file: crates/vite_task_bin/tests/fixtures/transitive-dependency-workspace
---
[
  {
    "id": {
      "package_dir": "<redacted>/packages/a",
      "task_name": "build"
    },
    "command": "echo Building A",
    "cwd": "<redacted>/packages/a",
    "depends_on": [
      [
        {
          "package_dir": "<redacted>/packages/a",
          "task_name": "test"
        },
        "Explicit"
      ],
      [
        {
          "package_dir": "<redacted>/packages/b2",
          "task_name": "build"
        },
        "Topological"
      ],
      [
        {
          "package_dir": "<redacted>/packages/c",
          "task_name": "build"
        },
        "Topological"
      ]
    ]
  },
  {
    "id": {
      "package_dir": "<redacted>/packages/a",
      "task_name": "test"
    },
    "command": "echo test a",
    "cwd": "<redacted>/packages/a",
    "depends_on": []
  },
  {
    "id": {
      "package_dir": "<redacted>/packages/another-a",
      "task_name": "build"
    },
    "command": "echo Building another A",
    "cwd": "<redacted>/packages/another-a",
    "depends_on": []
  },
  {
    "id": {
      "package_dir": "<redacted>/packages/b1",
      "task_name": "lint"
    },
    "command": "echo lint b1",
    "cwd": "<redacted>/packages/b1",
    "depends_on": [
      [
        {
          "package_dir": "<redacted>/packages/c",
          "task_name": "lint"
        },
        "Topological"
      ]
    ]
  },
  {
    "id": {
      "package_dir": "<redacted>/packages/b2",
      "task_name": "build"
    },
    "command": "echo build b2",
    "cwd": "<redacted>/packages/b2",
    "depends_on": [
      [
        {
          "package_dir": "<redacted>/packages/c",
          "task_name": "build"
        },
        "Topological"
      ]
    ]
  },
  {
    "id": {
      "package_dir": "<redacted>/packages/c",
      "task_name": "build"
    },
    "command": "echo Building C",
    "cwd": "<redacted>/packages/c",
    "depends_on": []
  },
  {
    "id": {
      "package_dir": "<redacted>/packages/c",
      "task_name": "lint"
    },
    "command": "echo lint c",
    "cwd": "<redacted>/packages/c",
    "depends_on": []
  }
]
