---
source: crates/vite_task_bin/tests/snapshots.rs
expression: task_graph_snapshot
input_file: crates/vite_task_bin/tests/fixtures/recursive-topological-workspace
---
[
  {
    "id": {
      "package_dir": "<redacted>/apps/web",
      "task_name": "build"
    },
    "command": "echo 'Building @test/web'",
    "cwd": "<redacted>/apps/web",
    "depends_on": [
      [
        {
          "package_dir": "<redacted>/packages/app",
          "task_name": "build"
        },
        "Topological"
      ],
      [
        {
          "package_dir": "<redacted>/packages/core",
          "task_name": "build"
        },
        "Topological"
      ]
    ]
  },
  {
    "id": {
      "package_dir": "<redacted>/apps/web",
      "task_name": "dev"
    },
    "command": "echo 'Running @test/web in dev mode'",
    "cwd": "<redacted>/apps/web",
    "depends_on": []
  },
  {
    "id": {
      "package_dir": "<redacted>/packages/app",
      "task_name": "build"
    },
    "command": "echo 'Building @test/app'",
    "cwd": "<redacted>/packages/app",
    "depends_on": [
      [
        {
          "package_dir": "<redacted>/packages/utils",
          "task_name": "build"
        },
        "Topological"
      ]
    ]
  },
  {
    "id": {
      "package_dir": "<redacted>/packages/app",
      "task_name": "test"
    },
    "command": "echo 'Testing @test/app'",
    "cwd": "<redacted>/packages/app",
    "depends_on": [
      [
        {
          "package_dir": "<redacted>/packages/utils",
          "task_name": "test"
        },
        "Topological"
      ]
    ]
  },
  {
    "id": {
      "package_dir": "<redacted>/packages/core",
      "task_name": "build"
    },
    "command": "echo 'Building @test/core'",
    "cwd": "<redacted>/packages/core",
    "depends_on": []
  },
  {
    "id": {
      "package_dir": "<redacted>/packages/core",
      "task_name": "test"
    },
    "command": "echo 'Testing @test/core'",
    "cwd": "<redacted>/packages/core",
    "depends_on": []
  },
  {
    "id": {
      "package_dir": "<redacted>/packages/utils",
      "task_name": "build"
    },
    "command": "echo 'Preparing @test/utils' && echo 'Building @test/utils' && echo 'Done @test/utils'",
    "cwd": "<redacted>/packages/utils",
    "depends_on": [
      [
        {
          "package_dir": "<redacted>/packages/core",
          "task_name": "build"
        },
        "Topological"
      ]
    ]
  },
  {
    "id": {
      "package_dir": "<redacted>/packages/utils",
      "task_name": "test"
    },
    "command": "echo 'Testing @test/utils'",
    "cwd": "<redacted>/packages/utils",
    "depends_on": [
      [
        {
          "package_dir": "<redacted>/packages/core",
          "task_name": "test"
        },
        "Topological"
      ]
    ]
  }
]
