---
source: crates/vite_task_bin/tests/snapshots.rs
expression: "&plan"
input_file: crates/vite_task_bin/tests/fixtures/transitive-dependency-workspace
---
SessionExecutionPlan(
  cli_args_without_program: [
    "run",
    "--transitive",
    "build",
  ],
  cwd: "<redacted>/packages/a",
  plan: ExecutionPlan(
    root_node: Expanded({
      ("<redacted>/packages/a", "build"): DiGraphValue(
        node: TaskExecution(
          task_display: TaskDisplay(
            package_name: "@test/a",
            task_name: "build",
            package_path: "<redacted>/packages/a",
          ),
          items: [
            ExecutionItem(
              command_span: Range(
                start: 0,
                end: 15,
              ),
              extra_args: [],
              plan_cwd: "<redacted>/packages/a",
              kind: Leaf(InProcess(InProcessExecution(
                kind: Echo(
                  strings: [
                    "Building",
                    "A",
                  ],
                  trailing_newline: true,
                ),
              ))),
            ),
          ],
        ),
        neighbors: {
          ("<redacted>/packages/a", "test"): (),
          ("<redacted>/packages/b2", "build"): (),
          ("<redacted>/packages/c", "build"): (),
        },
      ),
      ("<redacted>/packages/a", "test"): DiGraphValue(
        node: TaskExecution(
          task_display: TaskDisplay(
            package_name: "@test/a",
            task_name: "test",
            package_path: "<redacted>/packages/a",
          ),
          items: [
            ExecutionItem(
              command_span: Range(
                start: 0,
                end: 11,
              ),
              extra_args: [],
              plan_cwd: "<redacted>/packages/a",
              kind: Leaf(InProcess(InProcessExecution(
                kind: Echo(
                  strings: [
                    "test",
                    "a",
                  ],
                  trailing_newline: true,
                ),
              ))),
            ),
          ],
        ),
        neighbors: {},
      ),
      ("<redacted>/packages/b2", "build"): DiGraphValue(
        node: TaskExecution(
          task_display: TaskDisplay(
            package_name: "@test/b2",
            task_name: "build",
            package_path: "<redacted>/packages/b2",
          ),
          items: [
            ExecutionItem(
              command_span: Range(
                start: 0,
                end: 13,
              ),
              extra_args: [],
              plan_cwd: "<redacted>/packages/a",
              kind: Leaf(InProcess(InProcessExecution(
                kind: Echo(
                  strings: [
                    "build",
                    "b2",
                  ],
                  trailing_newline: true,
                ),
              ))),
            ),
          ],
        ),
        neighbors: {
          ("<redacted>/packages/c", "build"): (),
        },
      ),
      ("<redacted>/packages/c", "build"): DiGraphValue(
        node: TaskExecution(
          task_display: TaskDisplay(
            package_name: "@test/c",
            task_name: "build",
            package_path: "<redacted>/packages/c",
          ),
          items: [
            ExecutionItem(
              command_span: Range(
                start: 0,
                end: 15,
              ),
              extra_args: [],
              plan_cwd: "<redacted>/packages/a",
              kind: Leaf(InProcess(InProcessExecution(
                kind: Echo(
                  strings: [
                    "Building",
                    "C",
                  ],
                  trailing_newline: true,
                ),
              ))),
            ),
          ],
        ),
        neighbors: {},
      ),
    }),
  ),
)
