---
source: crates/vite_task_bin/tests/snapshots.rs
expression: task_graph_snapshot
input_file: crates/vite_task_bin/tests/fixtures/cache-sharing
---
[
  {
    "id": {
      "package_dir": "<redacted>/",
      "task_name": "a"
    },
    "command": "echo a",
    "cwd": "<redacted>/",
    "depends_on": []
  },
  {
    "id": {
      "package_dir": "<redacted>/",
      "task_name": "b"
    },
    "command": "echo a && echo b",
    "cwd": "<redacted>/",
    "depends_on": []
  },
  {
    "id": {
      "package_dir": "<redacted>/",
      "task_name": "c"
    },
    "command": "echo a && echo b && echo c",
    "cwd": "<redacted>/",
    "depends_on": []
  }
]
