---
source: crates/vite_task_bin/tests/snapshots.rs
expression: err
input_file: crates/vite_task_bin/tests/fixtures/transitive-dependency-workspace
---
{
  "SpecifierLookupError": {
    "specifier": {
      "package_name": null,
      "task_name": "non-existent-task"
    },
    "lookup_error": {
      "TaskNameNotFound": {
        "package_name": "@test/a",
        "task_name": "non-existent-task"
      }
    }
  }
}
