---
source: crates/vite_task_bin/tests/e2e_snapshots/main.rs
expression: e2e_outputs
---
> vt run foo
$ check-tty ⊘ cache disabled
stdin:tty
stdout:tty
stderr:tty

$ check-tty ⊘ cache disabled
stdin:tty
stdout:tty
stderr:tty

~/packages/other$ check-tty ⊘ cache disabled
stdin:not-tty
stdout:not-tty
stderr:not-tty

$ check-tty ⊘ cache disabled
stdin:not-tty
stdout:not-tty
stderr:not-tty

---
vt run: 0/4 cache hit (0%). (Run `vt run --last-details` for full details)
