---
source: crates/vite_task_bin/tests/e2e_snapshots/main.rs
assertion_line: 203
expression: e2e_outputs
input_file: crates/vite_task_bin/tests/e2e_snapshots/fixtures/same-name-as-builtin
---
> vite lint # runs builtin oxlint

  ! eslint-plugin-unicorn(no-empty-file): Empty files are not allowed.
   ,-[a.js:1:1]
 1 | // Empty JS file for oxlint
   : ^^^^^^^^^^^^^^^^^^^^^^^^^^^^
   `----
  help: Delete this file or add some code to it.

Found 1 warning and 0 errors.
Finished in <duration> on 1 file with 90 rules using <n> threads.


> vite run lint # runs user-defined lint script
$ echo custom lint script ⊘ cache disabled: built-in command
custom lint script


━━━━━━━━━━━━━━━━━━━━━━━━━━━━━━━━━━━━━━━━━━━━━━━
    Vite+ Task Runner • Execution Summary
━━━━━━━━━━━━━━━━━━━━━━━━━━━━━━━━━━━━━━━━━━━━━━━

Statistics:   1 tasks • 0 cache hits • 0 cache misses • 1 cache disabled 
Performance:  0% cache hit rate

Task Details:
────────────────────────────────────────────────
  [1] lint: $ echo custom lint script ✓
      → Cache disabled for built-in command
━━━━━━━━━━━━━━━━━━━━━━━━━━━━━━━━━━━━━━━━━━━━━━━

> echo 'console.log(1);' > a.js # add valid JS file

> vite lint # builtin lint: cache miss
Found 0 warnings and 0 errors.
Finished in <duration> on 1 file with 90 rules using <n> threads.


> vite run lint # user lint: cache miss
$ echo custom lint script ⊘ cache disabled: built-in command
custom lint script


━━━━━━━━━━━━━━━━━━━━━━━━━━━━━━━━━━━━━━━━━━━━━━━
    Vite+ Task Runner • Execution Summary
━━━━━━━━━━━━━━━━━━━━━━━━━━━━━━━━━━━━━━━━━━━━━━━

Statistics:   1 tasks • 0 cache hits • 0 cache misses • 1 cache disabled 
Performance:  0% cache hit rate

Task Details:
────────────────────────────────────────────────
  [1] lint: $ echo custom lint script ✓
      → Cache disabled for built-in command
━━━━━━━━━━━━━━━━━━━━━━━━━━━━━━━━━━━━━━━━━━━━━━━
