---
source: crates/vite_task_bin/tests/e2e_snapshots/main.rs
assertion_line: 203
expression: e2e_outputs
input_file: crates/vite_task_bin/tests/e2e_snapshots/fixtures/stdin-passthrough
---
> vite run echo-stdin
$ node -e "process.stdin.pipe(process.stdout)"
hello from stdin

━━━━━━━━━━━━━━━━━━━━━━━━━━━━━━━━━━━━━━━━━━━━━━━
    Vite+ Task Runner • Execution Summary
━━━━━━━━━━━━━━━━━━━━━━━━━━━━━━━━━━━━━━━━━━━━━━━

Statistics:   1 tasks • 0 cache hits • 1 cache misses 
Performance:  0% cache hit rate

Task Details:
────────────────────────────────────────────────
  [1] stdin-passthrough#echo-stdin: $ node -e "process.stdin.pipe(process.stdout)" ✓
      → Cache miss: no previous cache entry found
━━━━━━━━━━━━━━━━━━━━━━━━━━━━━━━━━━━━━━━━━━━━━━━
