---
source: crates/vite_task_plan/tests/plan_snapshots/main.rs
expression: "&err_str"
info:
  args:
    - run
    - cd-lint
input_file: crates/vite_task_plan/tests/plan_snapshots/fixtures/cd-in-scripts
---
Invalid vite task command: vt with args ["lint"] under cwd "<workspace>/src": cannot find binary path
