---
source: crates/vite_task_bin/tests/e2e_snapshots/main.rs
expression: e2e_outputs
---
> vp run hello # runs echo -n hello
$ echo -n foo ⊘ cache disabled: built-in command
foo
$ echo bar ⊘ cache disabled: built-in command
bar


━━━━━━━━━━━━━━━━━━━━━━━━━━━━━━━━━━━━━━━━━━━━━━━
    Vite+ Task Runner • Execution Summary
━━━━━━━━━━━━━━━━━━━━━━━━━━━━━━━━━━━━━━━━━━━━━━━

Statistics:   2 tasks • 0 cache hits • 0 cache misses • 2 cache disabled
Performance:  0% cache hit rate

Task Details:
────────────────────────────────────────────────
  [1] hello: $ echo -n foo ✓
      → Cache disabled for built-in command
  ·······················································
  [2] hello: $ echo bar ✓
      → Cache disabled for built-in command
━━━━━━━━━━━━━━━━━━━━━━━━━━━━━━━━━━━━━━━━━━━━━━━
