---
source: crates/vite_task_bin/tests/e2e_snapshots/main.rs
expression: e2e_outputs
---
> mkdir .git

> vp run lint # cache miss
$ vp lint

  ! eslint-plugin-unicorn(no-empty-file): Empty files are not allowed.
   ,-[a.js:1:1]
 1 | // Empty JS file for oxlint
   : ^^^^^^^^^^^^^^^^^^^^^^^^^^^^
   `----
  help: Delete this file or add some code to it.

Found 1 warning and 0 errors.
Finished in <duration> on 1 file with 90 rules using <n> threads.
> echo hello > .git/foo.txt # add file inside .git

> vp run lint # cache hit, .git is ignored
$ vp lint ✓ cache hit, replaying

  ! eslint-plugin-unicorn(no-empty-file): Empty files are not allowed.
   ,-[a.js:1:1]
 1 | // Empty JS file for oxlint
   : ^^^^^^^^^^^^^^^^^^^^^^^^^^^^
   `----
  help: Delete this file or add some code to it.

Found 1 warning and 0 errors.
Finished in <duration> on 1 file with 90 rules using <n> threads.

---
[vp run] cache hit, <duration> saved.
