---
source: crates/vite_task_bin/tests/e2e_snapshots/main.rs
expression: e2e_outputs
---
> vp run cached-task # cache miss
$ print-file test.txt
test content
> vp run cached-task # cache hit
$ print-file test.txt ✓ cache hit, replaying
test content

---
[vp run] cache hit, <duration> saved.
> vp cache clean

> vp run cached-task # cache miss after clean
$ print-file test.txt
test content
