---
source: crates/vite_task_bin/tests/e2e_snapshots/main.rs
expression: e2e_outputs
input_file: crates/vite_task_bin/tests/e2e_snapshots/fixtures/cache-subcommand
---
> vite run cached-task # cache miss
$ print-file test.txt
test content


━━━━━━━━━━━━━━━━━━━━━━━━━━━━━━━━━━━━━━━━━━━━━━━
    Vite+ Task Runner • Execution Summary
━━━━━━━━━━━━━━━━━━━━━━━━━━━━━━━━━━━━━━━━━━━━━━━

Statistics:   1 tasks • 0 cache hits • 1 cache misses 
Performance:  0% cache hit rate

Task Details:
────────────────────────────────────────────────
  [1] @test/cache-subcommand#cached-task: $ print-file test.txt ✓
      → Cache miss: no previous cache entry found
━━━━━━━━━━━━━━━━━━━━━━━━━━━━━━━━━━━━━━━━━━━━━━━

> vite run cached-task # cache hit
$ print-file test.txt ✓ cache hit, replaying
test content


━━━━━━━━━━━━━━━━━━━━━━━━━━━━━━━━━━━━━━━━━━━━━━━
    Vite+ Task Runner • Execution Summary
━━━━━━━━━━━━━━━━━━━━━━━━━━━━━━━━━━━━━━━━━━━━━━━

Statistics:   1 tasks • 1 cache hits • 0 cache misses 
Performance:  100% cache hit rate, <duration> saved in total

Task Details:
────────────────────────────────────────────────
  [1] @test/cache-subcommand#cached-task: $ print-file test.txt ✓
      → Cache hit - output replayed - <duration> saved
━━━━━━━━━━━━━━━━━━━━━━━━━━━━━━━━━━━━━━━━━━━━━━━

> vite cache clean

> vite run cached-task # cache miss after clean
$ print-file test.txt
test content


━━━━━━━━━━━━━━━━━━━━━━━━━━━━━━━━━━━━━━━━━━━━━━━
    Vite+ Task Runner • Execution Summary
━━━━━━━━━━━━━━━━━━━━━━━━━━━━━━━━━━━━━━━━━━━━━━━

Statistics:   1 tasks • 0 cache hits • 1 cache misses 
Performance:  0% cache hit rate

Task Details:
────────────────────────────────────────────────
  [1] @test/cache-subcommand#cached-task: $ print-file test.txt ✓
      → Cache miss: no previous cache entry found
━━━━━━━━━━━━━━━━━━━━━━━━━━━━━━━━━━━━━━━━━━━━━━━
