---
source: crates/vite_task_bin/tests/e2e_snapshots/main.rs
expression: e2e_outputs
---
> vp run no-cache-task # cache miss
$ print-file test.txt ⊘ cache disabled: no cache config
test content


━━━━━━━━━━━━━━━━━━━━━━━━━━━━━━━━━━━━━━━━━━━━━━━
    Vite+ Task Runner • Execution Summary
━━━━━━━━━━━━━━━━━━━━━━━━━━━━━━━━━━━━━━━━━━━━━━━

Statistics:   1 tasks • 0 cache hits • 0 cache misses • 1 cache disabled
Performance:  0% cache hit rate

Task Details:
────────────────────────────────────────────────
  [1] cache-disabled-test#no-cache-task: $ print-file test.txt ✓
      → Cache disabled in task configuration
━━━━━━━━━━━━━━━━━━━━━━━━━━━━━━━━━━━━━━━━━━━━━━━
> vp run no-cache-task # cache disabled, runs again
$ print-file test.txt ⊘ cache disabled: no cache config
test content


━━━━━━━━━━━━━━━━━━━━━━━━━━━━━━━━━━━━━━━━━━━━━━━
    Vite+ Task Runner • Execution Summary
━━━━━━━━━━━━━━━━━━━━━━━━━━━━━━━━━━━━━━━━━━━━━━━

Statistics:   1 tasks • 0 cache hits • 0 cache misses • 1 cache disabled
Performance:  0% cache hit rate

Task Details:
────────────────────────────────────────────────
  [1] cache-disabled-test#no-cache-task: $ print-file test.txt ✓
      → Cache disabled in task configuration
━━━━━━━━━━━━━━━━━━━━━━━━━━━━━━━━━━━━━━━━━━━━━━━
