---
source: crates/vite_task_bin/tests/e2e_snapshots/main.rs
assertion_line: 203
expression: e2e_outputs
input_file: crates/vite_task_bin/tests/e2e_snapshots/fixtures/error_cycle_dependency
---
[1]> vite run task-a # task-a -> task-b -> task-a cycle
✗ Cycle dependencies detected: Cycle(NodeIndex(ExecutionIx(1)))

━━━━━━━━━━━━━━━━━━━━━━━━━━━━━━━━━━━━━━━━━━━━━━━
Execution aborted due to error: Cycle dependencies detected: Cycle(NodeIndex(ExecutionIx(1)))
━━━━━━━━━━━━━━━━━━━━━━━━━━━━━━━━━━━━━━━━━━━━━━━
